// Jest Snapshot v1, https://goo.gl/fbAQLP

exports[`<PasswordMask /> renders password mask 1`] = `
<div
  className="RTdSn"
>
  <input
    className="cSRKwb"
    id="password"
    name="password"
    onChange={[Function]}
    onFocus={[Function]}
    placeholder="Enter password"
    type="password"
    value=""
  />
  <input
    className="iTliiD"
    id=""
    name=""
    onChange={[Function]}
    onFocus={[Function]}
    placeholder="Enter password"
    type="text"
    value=""
  />
  <a
    className="eBwYTe"
    href=""
    onClick={[Function]}
    onMouseDown={[Function]}
  >
    Show
  </a>
</div>
`;
