// Jest Snapshot v1, https://goo.gl/fbAQLP

exports[`<PasswordMask /> renders password mask 1`] = `
<div
  style={
    Object {
      "position": "relative",
    }
  }
>
  <input
    className={undefined}
    id="password"
    name="password"
    onChange={[Function]}
    onFocus={[Function]}
    placeholder="Enter password"
    style={
      Object {
        "borderColor": "aqua",
        "display": "block",
        "width": "100%",
      }
    }
    type="password"
    value=""
  />
  <input
    className={undefined}
    id=""
    name=""
    onChange={[Function]}
    onFocus={[Function]}
    placeholder="Enter password"
    style={
      Object {
        "borderColor": "aqua",
        "display": "none",
        "width": "100%",
      }
    }
    type="text"
    value=""
  />
  <a
    href=""
    onClick={[Function]}
    onMouseDown={[Function]}
    style={
      Object {
        "MozUserSelect": "none",
        "WebkitUserSelect": "none",
        "background": "cornsilk",
        "borderRadius": "2px",
        "color": "#000",
        "marginTop": "-13px",
        "padding": "4px 10px",
        "position": "absolute",
        "right": "6px",
        "textAlign": "center",
        "textDecoration": "none",
        "top": "50%",
        "userSelect": "none",
      }
    }
  >
    Show
  </a>
</div>
`;
